bikas@BIKASH-DAS MINGW32 ~/Desktop/Ace (master)
$ git init
Initialized empty Git repository in C:/Users/bikas/Desktop/Ace/.git/

bikas@BIKASH-DAS MINGW32 ~/Desktop/Ace (master)
$ git status
On branch master

No commits yet

Untracked files:
  (use "git add <file>..." to include in what will be committed)

        notes1.txt

nothing added to commit but untracked files present (use "git add" to track)

bikas@BIKASH-DAS MINGW32 ~/Desktop/Ace (master)
$ git config --global user.name "Bikash0001"

bikas@BIKASH-DAS MINGW32 ~/Desktop/Ace (master)
$ git config --global user.email "bikashdas250195@gmail.com"

bikas@BIKASH-DAS MINGW32 ~/Desktop/Ace (master)
$ ls
notes1.txt

bikas@BIKASH-DAS MINGW32 ~/Desktop/Ace (master)
$ git add .

bikas@BIKASH-DAS MINGW32 ~/Desktop/Ace (master)
$ git status
On branch master

No commits yet

Changes to be committed:
  (use "git rm --cached <file>..." to unstage)

        new file:   notes1.txt


bikas@BIKASH-DAS MINGW32 ~/Desktop/Ace (master)
$ git commit -m " initial commit"
[master (root-commit) efc9400]  initial commit
 1 file changed, 1 insertion(+)
 create mode 100644 notes1.txt

bikas@BIKASH-DAS MINGW32 ~/Desktop/Ace (master)
$ git remote add origin https://github.com/Bikash0001/Ace.git

bikas@BIKASH-DAS MINGW32 ~/Desktop/Ace (master)
$ git remote -v
origin  https://github.com/Bikash0001/Ace.git (fetch)
origin  https://github.com/Bikash0001/Ace.git (push)

bikas@BIKASH-DAS MINGW32 ~/Desktop/Ace (master)
$ git push origin master
Logon failed, use ctrl+c to cancel basic credential prompt.
Username for 'https://github.com': Bikash0001
remote: Invalid username or password.
fatal: Authentication failed for 'https://github.com/Bikash0001/Ace.git/'

bikas@BIKASH-DAS MINGW32 ~/Desktop/Ace (master)
$ git push origin master
Counting objects: 3, done.
Writing objects: 100% (3/3), 225 bytes | 56.00 KiB/s, done.
Total 3 (delta 0), reused 0 (delta 0)
To https://github.com/Bikash0001/Ace.git
 * [new branch]      master -> master

bikas@BIKASH-DAS MINGW32 ~/Desktop/Ace (master)
$